[debug] [2025-09-01T10:58:05.655Z] ----------------------------------------------------------------------
[debug] [2025-09-01T10:58:05.657Z] Command:       C:\Program Files\nodejs\node.exe C:\Users\Microsoft\AppData\Roaming\npm\node_modules\firebase-tools\lib\bin\firebase.js projects:list
[debug] [2025-09-01T10:58:05.657Z] CLI Version:   14.12.0
[debug] [2025-09-01T10:58:05.657Z] Platform:      win32
[debug] [2025-09-01T10:58:05.657Z] Node Version:  v22.17.1
[debug] [2025-09-01T10:58:05.657Z] Time:          Mon Sep 01 2025 16:28:05 GMT+0530 (India Standard Time)
[debug] [2025-09-01T10:58:05.658Z] ----------------------------------------------------------------------
[debug] 
[debug] [2025-09-01T10:58:05.797Z] > command requires scopes: ["email","openid","https://www.googleapis.com/auth/cloudplatformprojects.readonly","https://www.googleapis.com/auth/firebase","https://www.googleapis.com/auth/cloud-platform"]
[debug] [2025-09-01T10:58:05.797Z] > authorizing via signed-in user (blackholeinfiverse1@gmail.com)
[debug] [2025-09-01T10:58:05.801Z] Checked if tokens are valid: false, expires at: 1756106866035
[debug] [2025-09-01T10:58:05.801Z] Checked if tokens are valid: false, expires at: 1756106866035
[debug] [2025-09-01T10:58:05.801Z] > refreshing access token with scopes: []
[debug] [2025-09-01T10:58:05.802Z] >>> [apiv2][query] POST https://www.googleapis.com/oauth2/v3/token [none]
[debug] [2025-09-01T10:58:05.802Z] >>> [apiv2][body] POST https://www.googleapis.com/oauth2/v3/token [omitted]
[debug] [2025-09-01T10:58:05.928Z] <<< [apiv2][status] POST https://www.googleapis.com/oauth2/v3/token 400
[debug] [2025-09-01T10:58:05.928Z] <<< [apiv2][body] POST https://www.googleapis.com/oauth2/v3/token [omitted]
[debug] [2025-09-01T10:58:05.929Z] >>> [apiv2][query] GET https://firebase.googleapis.com/v1beta1/projects pageSize=1000
[debug] [2025-09-01T10:58:06.057Z] <<< [apiv2][status] GET https://firebase.googleapis.com/v1beta1/projects 401
[debug] [2025-09-01T10:58:06.057Z] <<< [apiv2][body] GET https://firebase.googleapis.com/v1beta1/projects [omitted]
[debug] [2025-09-01T10:58:06.057Z] Got a 401 Unauthenticated error for a call that required authentication. Refreshing tokens.
[debug] [2025-09-01T10:58:06.057Z] Checked if tokens are valid: false, expires at: 1756106866035
[debug] [2025-09-01T10:58:06.057Z] Checked if tokens are valid: false, expires at: 1756106866035
[debug] [2025-09-01T10:58:06.057Z] > refreshing access token with scopes: []
[debug] [2025-09-01T10:58:06.057Z] >>> [apiv2][query] POST https://www.googleapis.com/oauth2/v3/token [none]
[debug] [2025-09-01T10:58:06.057Z] >>> [apiv2][body] POST https://www.googleapis.com/oauth2/v3/token [omitted]
[debug] [2025-09-01T10:58:06.134Z] <<< [apiv2][status] POST https://www.googleapis.com/oauth2/v3/token 400
[debug] [2025-09-01T10:58:06.134Z] <<< [apiv2][body] POST https://www.googleapis.com/oauth2/v3/token [omitted]
[debug] [2025-09-01T10:58:06.135Z] Request to https://firebase.googleapis.com/v1beta1/projects?pageSize=1000 had HTTP Error: 401, Request had invalid authentication credentials. Expected OAuth 2 access token, login cookie or other valid authentication credential. See https://developers.google.com/identity/sign-in/web/devconsole-project.
[debug] [2025-09-01T10:58:06.209Z] FirebaseError: Request to https://firebase.googleapis.com/v1beta1/projects?pageSize=1000 had HTTP Error: 401, Request had invalid authentication credentials. Expected OAuth 2 access token, login cookie or other valid authentication credential. See https://developers.google.com/identity/sign-in/web/devconsole-project.
    at responseToError (C:\Users\Microsoft\AppData\Roaming\npm\node_modules\firebase-tools\lib\responseToError.js:52:12)
    at RetryOperation._fn (C:\Users\Microsoft\AppData\Roaming\npm\node_modules\firebase-tools\lib\apiv2.js:312:77)
    at process.processTicksAndRejections (node:internal/process/task_queues:105:5)
[error] 
[error] Error: Failed to list Firebase projects. See firebase-debug.log for more info.
